success
(get-assertions)
^^^^^^^^^^^^^^^^
(error "The get-assertions command is only valid if :produce-assertions has been enabled")
