success
success
success
success
sat
success
success
unsat
