success
success
success
success
false
success
success
sat
