(set-info :all-statistics x)
          ^^^^^^^^^^^^^^^
(error "Setting the value of a pre-defined keyword is not permitted: :all-statistics")
(set-info :reason-unknown x)
          ^^^^^^^^^^^^^^^
(error "Setting the value of a pre-defined keyword is not permitted: :reason-unknown")
unsupported
